
> hotel-management-frontend@0.0.0 build
> vite build

[36mvite v6.0.6 [32mbuilding for production...[36m[39m
transforming...
[32mΓ£ô[39m 1847 modules transformed.
node.exe : [31mx[39m Build failed in 1m 3s
At line:1 char:1
+ & "C:\Program Files\nodejs/node.exe" "C:\Program Files\nodejs/node_mo ...
+ ~~~~~~~~~~~~~~~~~~~~~~~~~~~~~~~~~~~~~~~~~~~~~~~~~~~~~~~~~~~~~~~~~~~~~
    + CategoryInfo          : NotSpecified: ([31mx[39m Build failed in 1m 3s:String) [], RemoteException
    + FullyQualifiedErrorId : NativeCommandError
 
[31merror during build:
[31msrc/components/footer/Footer.jsx (2:9): "Facebook" is not exported by 
"node_modules/lucide-react/dist/esm/lucide-react.js", imported by "src/components/footer/Footer.jsx".[31m
file: [36mC:/Users/mahinda/Documents/Vscode/hotel-project/hotel-management-frontend/src/components/footer/Footer.jsx:2
:9[31m
[33m
1: import { Link } from 'react-router-dom';
2: import { Facebook, Twitter, Instagram, MapPin, Phone, Mail, ArrowRight } from 'lucide-react';
            ^
3: 
4: export default function Footer() {
[31m
    at getRollupError (file:///C:/Users/mahinda/Documents/Vscode/hotel-project/hotel-management-frontend/node_modules/r
ollup/dist/es/shared/parseAst.js:396:41)
    at error (file:///C:/Users/mahinda/Documents/Vscode/hotel-project/hotel-management-frontend/node_modules/rollup/dis
t/es/shared/parseAst.js:392:42)
    at Module.error (file:///C:/Users/mahinda/Documents/Vscode/hotel-project/hotel-management-frontend/node_modules/rol
lup/dist/es/shared/node-entry.js:15655:16)
    at Module.traceVariable (file:///C:/Users/mahinda/Documents/Vscode/hotel-project/hotel-management-frontend/node_mod
ules/rollup/dist/es/shared/node-entry.js:16104:29)
    at ModuleScope.findVariable (file:///C:/Users/mahinda/Documents/Vscode/hotel-project/hotel-management-frontend/node
_modules/rollup/dist/es/shared/node-entry.js:13887:39)
    at FunctionScope.findVariable (file:///C:/Users/mahinda/Documents/Vscode/hotel-project/hotel-management-frontend/no
de_modules/rollup/dist/es/shared/node-entry.js:5306:38)
    at FunctionBodyScope.findVariable (file:///C:/Users/mahinda/Documents/Vscode/hotel-project/hotel-management-fronten
d/node_modules/rollup/dist/es/shared/node-entry.js:5306:38)
    at Identifier.bind (file:///C:/Users/mahinda/Documents/Vscode/hotel-project/hotel-management-frontend/node_modules/
rollup/dist/es/shared/node-entry.js:5089:40)
    at CallExpression.bind (file:///C:/Users/mahinda/Documents/Vscode/hotel-project/hotel-management-frontend/node_modu
les/rollup/dist/es/shared/node-entry.js:2672:28)
    at CallExpression.bind (file:///C:/Users/mahinda/Documents/Vscode/hotel-project/hotel-management-frontend/node_modu
les/rollup/dist/es/shared/node-entry.js:11313:15)[39m
